// Jest Snapshot v1, https://goo.gl/fbAQLP

exports[`Pruebas en el componente <CounterApp /> debe de hacer match con el snapshot 1`] = `
<div>
  <h1>
     CounterApp 
  </h1>
  <h2 />
  <div
    class="butt"
  >
    <button>
       -1 
    </button>
    <button
      aria-label="btn-reset"
    >
       Reset 
    </button>
    <button>
       +1 
    </button>
  </div>
</div>
`;
