// Jest Snapshot v1, https://goo.gl/fbAQLP

exports[`Pruebas en <FirstApp/> debe de hacer match con el snapshot 1`] = `
<div>
  <h1
    data-testid="test-title"
  >
    hola soy goku
  </h1>
  <p>
    No hay sub
  </p>
  <p>
    No hay nombre
  </p>
</div>
`;
