// Jest Snapshot v1, https://goo.gl/fbAQLP

exports[`Testing GifItem Debe de hacer match con el snapshot   1`] = `
<div>
  <div
    class="card"
  >
    <img
      alt="Un titulo"
      src="https://localhost/algo.jpg"
    />
  </div>
</div>
`;
